// Jest Snapshot v1, https://goo.gl/fbAQLP

exports[`renders correctly 1`] = `
<View
  style={
    {
      "alignItems": "center",
      "flex": 1,
      "justifyContent": "center",
    }
  }
>
  <Text
    accessibilityRole="text"
    style={
      {
        "color": "#242424",
      }
    }
  >
    test
  </Text>
</View>
`;
