// Jest Snapshot v1, https://goo.gl/fbAQLP

exports[`renders correctly 1`] = `
<View
  style={
    {
      "alignItems": "center",
      "flex": 1,
      "justifyContent": "center",
    }
  }
>
  <View>
    <View>
      <View
        style={
          {
            "alignItems": "center",
            "backgroundColor": "#ffffff",
            "borderColor": "#bcbbc1",
            "flexDirection": "row",
            "padding": 14,
          }
        }
        testID="RNE__LISTITEM__padView"
      >
        <View
          style={
            [
              {
                "overflow": "hidden",
              },
              {
                "borderRadius": 2,
              },
              undefined,
              false,
            ]
          }
          testID="RNE_BUTTON_WRAPPER"
        >
          <View
            accessibilityRole="button"
            accessibilityState={
              {
                "busy": false,
                "disabled": false,
              }
            }
            accessible={true}
            collapsable={false}
            focusable={true}
            onClick={[Function]}
            onResponderGrant={[Function]}
            onResponderMove={[Function]}
            onResponderRelease={[Function]}
            onResponderTerminate={[Function]}
            onResponderTerminationRequest={[Function]}
            onStartShouldSetResponder={[Function]}
            style={
              {
                "opacity": 1,
              }
            }
          >
            <View
              style={
                {
                  "alignItems": "center",
                  "backgroundColor": "#2089dc",
                  "borderColor": "#2089dc",
                  "borderRadius": 2,
                  "borderWidth": 0,
                  "flexDirection": "row",
                  "justifyContent": "center",
                  "padding": 8,
                  "paddingHorizontal": 10,
                }
              }
            >
              <Text
                style={
                  {
                    "color": "white",
                    "fontSize": 18,
                    "paddingVertical": 1,
                    "textAlign": "center",
                  }
                }
              >
                Test form shape
              </Text>
            </View>
          </View>
        </View>
      </View>
    </View>
  </View>
</View>
`;
